// Jest Snapshot v1, https://goo.gl/fbAQLP

exports[`Hero snapshot test 1`] = `
<div
  className="flex lg:flex-row flex-col-reverse justify-between items-center min-h-[400px] gap-4 lg:gap-16 p-4 lg:p-0 max-w-[100rem] mx-auto"
  id="about"
>
  <div
    className="css-0"
    style={
      {
        "animationDelay": "0ms",
        "opacity": 0,
      }
    }
  >
    <div
      className="lg:px-16 lg:max-w-[40rem]"
      id="our-words"
      style={{}}
    >
      <h1
        className="text-[32px] font-bold text-center lg:text-left"
        role="heroHeading"
      >
        Biar Sistem yang Catat, Anda Fokus Berkembang.
      </h1>
      <p
        className="mt-4 text-base text-center lg:text-left"
        role="heroDesc"
      >
        Kelola stok, pantau arus barang, dan catat keuntungan harian secara otomatis dalam satu platform. Sistem ERP modern kami dirancang khusus untuk membantu pengusaha mengelola operasional bisnis dengan lebih efisien, tanpa perlu repot mencatat manual.
      </p>
      <div
        className="flex flex-col lg:flex-row items-center gap-4 mt-8"
      >
        <button
          className="rounded-lg px-4 py-2 border-2 min-h-12 bg-primary-500 border-primary-500 text-white w-full lg:w-auto"
          onClick={[Function]}
          role="heroButton"
        >
          Konsultasikan
        </button>
      </div>
    </div>
  </div>
  <div
    className="w-full lg:w-1/2 css-0"
    style={
      {
        "animationDelay": "0ms",
        "opacity": 0,
      }
    }
  >
    <img
      alt="doctor"
      className="w-full"
      data-nimg="1"
      decoding="async"
      height={620}
      loading="lazy"
      onError={[Function]}
      onLoad={[Function]}
      src="/_next/image?url=%2Fassets%2Fimages%2Fbg-hero.png&w=1200&q=75"
      srcSet="/_next/image?url=%2Fassets%2Fimages%2Fbg-hero.png&w=640&q=75 1x, /_next/image?url=%2Fassets%2Fimages%2Fbg-hero.png&w=1200&q=75 2x"
      style={
        {
          "color": "transparent",
        }
      }
      width={591}
    />
  </div>
</div>
`;
